[13639020ms] [ERROR] Failed to load resource: net::ERR_CONNECTION_REFUSED @ http://localhost:3100/kameni/8?_rsc=1ppxj:0
[13639022ms] [ERROR] Failed to load resource: net::ERR_CONNECTION_REFUSED @ http://localhost:3100/kameni/7?_rsc=1ppxj:0
[13641637ms] [ERROR] Failed to load resource: net::ERR_CONNECTION_REFUSED @ http://localhost:3100/_next/image?url=%2Flogo-mark.png&w=48&q=75:0
[13641693ms] [ERROR] Failed to load resource: net::ERR_CONNECTION_REFUSED @ http://localhost:3100/kameni/2?_rsc=1ppxj:0
[13641693ms] [ERROR] Failed to load resource: net::ERR_CONNECTION_REFUSED @ http://localhost:3100/kameni/10?_rsc=1ppxj:0
[13641693ms] [ERROR] Failed to load resource: net::ERR_CONNECTION_REFUSED @ http://localhost:3100/kameni/9?_rsc=1ppxj:0
[13641767ms] [ERROR] Failed to load resource: net::ERR_CONNECTION_REFUSED @ http://localhost:3100/_next/image?url=https%3A%2F%2Fflbvjlpaghrrsnmhnhal.supabase.co%2Fstorage%2Fv1%2Fobject%2Fpublic%2Fstone-images%2Fstones%2Fmpob579g-6mks04.jpg&w=640&q=75:0
[13641779ms] [ERROR] Failed to load resource: net::ERR_CONNECTION_REFUSED @ http://localhost:3100/_next/image?url=https%3A%2F%2Fflbvjlpaghrrsnmhnhal.supabase.co%2Fstorage%2Fv1%2Fobject%2Fpublic%2Fstone-images%2Fstones%2Fmpob5uk5-x0o1zp.jpg&w=640&q=75:0
[13641785ms] [ERROR] Failed to load resource: net::ERR_CONNECTION_REFUSED @ http://localhost:3100/_next/image?url=https%3A%2F%2Fflbvjlpaghrrsnmhnhal.supabase.co%2Fstorage%2Fv1%2Fobject%2Fpublic%2Fstone-images%2Fstones%2Fmpob6gsr-b0hf7k.jpg&w=640&q=75:0
[13641785ms] [ERROR] Failed to load resource: net::ERR_CONNECTION_REFUSED @ http://localhost:3100/_next/image?url=https%3A%2F%2Fflbvjlpaghrrsnmhnhal.supabase.co%2Fstorage%2Fv1%2Fobject%2Fpublic%2Fstone-images%2Fstones%2Fmpob7j0u-ri8zct.jpg&w=640&q=75:0
[13641793ms] [ERROR] Failed to load resource: net::ERR_CONNECTION_REFUSED @ http://localhost:3100/_next/image?url=https%3A%2F%2Fflbvjlpaghrrsnmhnhal.supabase.co%2Fstorage%2Fv1%2Fobject%2Fpublic%2Fstone-images%2Fstones%2Fmpob960l-fsr0cu.jpg&w=640&q=75:0
[13641793ms] [ERROR] Failed to load resource: net::ERR_CONNECTION_REFUSED @ http://localhost:3100/_next/image?url=https%3A%2F%2Fflbvjlpaghrrsnmhnhal.supabase.co%2Fstorage%2Fv1%2Fobject%2Fpublic%2Fstone-images%2Fstones%2Fmpoba04j-4hgtcs.jpg&w=640&q=75:0
[13641793ms] [ERROR] Failed to load resource: net::ERR_CONNECTION_REFUSED @ http://localhost:3100/_next/image?url=https%3A%2F%2Fflbvjlpaghrrsnmhnhal.supabase.co%2Fstorage%2Fv1%2Fobject%2Fpublic%2Fstone-images%2Fstones%2Fmpqs1bvg-td5e5x.jpg&w=640&q=75:0
[13641796ms] [ERROR] Failed to load resource: net::ERR_CONNECTION_REFUSED @ http://localhost:3100/_next/image?url=https%3A%2F%2Fflbvjlpaghrrsnmhnhal.supabase.co%2Fstorage%2Fv1%2Fobject%2Fpublic%2Fstone-images%2Fstones%2Fmpqs2rom-na8k7i.jpg&w=640&q=75:0
[13641796ms] [ERROR] Failed to load resource: net::ERR_CONNECTION_REFUSED @ http://localhost:3100/_next/image?url=https%3A%2F%2Fflbvjlpaghrrsnmhnhal.supabase.co%2Fstorage%2Fv1%2Fobject%2Fpublic%2Fstone-images%2Fstones%2Fmpqsccul-jbc7zl.jpg&w=640&q=75:0
[13641799ms] [ERROR] Failed to load resource: net::ERR_CONNECTION_REFUSED @ http://localhost:3100/kameni/14?_rsc=1ppxj:0
[13641799ms] [ERROR] Failed to load resource: net::ERR_CONNECTION_REFUSED @ http://localhost:3100/kameni/13?_rsc=1ppxj:0
[13641799ms] [ERROR] Failed to load resource: net::ERR_CONNECTION_REFUSED @ http://localhost:3100/kameni/12?_rsc=1ppxj:0
[13642507ms] [ERROR] Failed to load resource: net::ERR_CONNECTION_REFUSED @ http://localhost:3100/kameni/17?_rsc=1ppxj:0
[13642507ms] [ERROR] Failed to load resource: net::ERR_CONNECTION_REFUSED @ http://localhost:3100/kameni/16?_rsc=1ppxj:0
[13642507ms] [ERROR] Failed to load resource: net::ERR_CONNECTION_REFUSED @ http://localhost:3100/kameni/15?_rsc=1ppxj:0
[13643289ms] [ERROR] Failed to load resource: net::ERR_CONNECTION_REFUSED @ http://localhost:3100/kameni/3?_rsc=1ppxj:0
[13643289ms] [ERROR] Failed to load resource: net::ERR_CONNECTION_REFUSED @ http://localhost:3100/kameni/5?_rsc=1ppxj:0
[13643290ms] [ERROR] Failed to load resource: net::ERR_CONNECTION_REFUSED @ http://localhost:3100/kameni/4?_rsc=1ppxj:0
[13643295ms] [ERROR] Failed to load resource: net::ERR_CONNECTION_REFUSED @ http://localhost:3100/kameni/1?_rsc=1ppxj:0
